// Jest Snapshot v1, https://goo.gl/fbAQLP

exports[`App.vue test Render correctly 1`] = `
<main>
  <div></div>
  <nav class="navbar"><a href="#/home" class="">
      <div class="logo"><img alt="bell curve chart icon" src="@/assets/chart-bell-curve.png"> <span>esti</span> <span>rency</span></div>
    </a>
    <nav class="effect">
      about
    </nav>
    <nav class="effect">
      home
    </nav>
  </nav>
  <!---->
</main>
`;
